// Code generated by https://github.com/gocomply/xsd2go; DO NOT EDIT.
// Models for
package issue135

import (
	"encoding/xml"
)

// XSD ComplexType declarations

type Aaa struct {
	XMLName xml.Name

	Bbb string `xml:"BBB"`

	Ccc []string `xml:"CCC"`
}

// XSD SimpleType declarations
